1,Day,07:00:00,15:00:00,2008/04/30 0:00:00
2,Evening,15:00:00,23:00:00,2008/04/30 0:00:00
3,Night,23:00:00,07:00:00,2008/04/30 0:00:00
