1,69fac01321b720c2b06cc848d6639021f99d2b0c9f70a364a3c4c4dff58308e5,no_image_available_small.gif,f304005422457a5967287ad82c2e64909093ef5f2fc7e1e41a2d465213e0b969,no_image_available_large.gif,2008/04/30 0:00:00
69,b50a1b0f0add019a98fce80fc702440d694ad7e5e7d3b22a30885be1cdc42ddb,racer02_black_f_small.gif,12fb5792202a5685cdf53a35ec58b12df1ee1e9366f1c8d78bc322dc7e22111f,racer02_black_f_large.gif,2008/04/30 0:00:00
70,0ed85e125b054607845c91260b6c85ed37277b7fed5b7c6fc6897c79cb809c31,racer02_black_small.gif,b6a9f3b96023ba479aa91d3987d3e38a74055245bd7b83e0387e2982e690730d,racer02_black_large.gif,2012/10/19 9:56:38
72,742904b38bfbfb77a275a3909fd0361df98352d5648aea5955f711ee757672e8,racer02_blue_f_small.gif,82544fdb4615a9df969b959341a27e5161b1bc2aaa3c6743c0a836f6a8cbc4e9,racer02_blue_f_large.gif,2012/10/19 9:56:38
73,db462e1ee16ea523d8cf43e61fbe77b6fc36ca06db27a88ed919b7550526ade9,racer02_blue_small.gif,bcaf1f492031c80c6ce71579d0b42fffebae070866e662c130ae88df87faa301,racer02_blue_large.gif,2012/10/19 9:56:38
76,c5fa1f10e38f19cf6dcc393a1a1efc36995a4d677ceccd592016a84d5b4ff312,racer02_green_f_small.gif,5952539200ef05eb192411d675b06685351153cfcc15e4e948a3cd042d03f3a9,racer02_green_f_large.gif,2012/10/19 9:56:38
77,a91c25b7a19593690fd2df105800b9373ee418680db06723d64821a9076ac96b,racer02_green_small.gif,c4053d2c6f3652976aa6b491fe351b5b2e5ff8f6925c6c75286ce8c0072a6894,racer02_green_large.gif,2012/10/19 9:56:38
78,d678af2f64970a2e3fa2c0ab564d1f7066c1b8c72030856bbab2c2459dc77664,hotrodbike_black_small.gif,63456070e65684bd9c24e8f7ff7f295304ccc305637a71a3c2410ba9eba566ee,hotrodbike_black_large.gif,2012/04/30 0:00:00
79,f0b0aa6c62cb24725b97f78322a3a4bcb04401648eba4e8757ee109b9167fe37,hotrodbike_blue_small.gif,5f612ccc33aecc8eec63c523c601b553db4e919c7516ecae82c3eedfe60bd2c2,hotrodbike_blue_large.gif,2012/10/19 9:56:38
80,ca69655e5277a863f3eae5ea53130a29915cd00ee8c1791d72b5a51e9040afa1,hotrodbike_f_small.gif,9cc6989fd1255847b7df51d4dbc497213fbc74eb4588a4e71f4475fc0f1b226d,hotrodbike_f_large.gif,2013/04/30 0:00:00
81,91fef880ed47888f1185b985eeb2b9cf105a530da5f89e2158ae3e34e9370fce,hotrodbike_f_silver_small.gif,5f47b8e7a291d6d161857da8a22c3e318e323bd25fe159c4762816c192c8df0e,hotrodbike_f_silver_large.gif,2013/04/30 0:00:00
82,e2a7b6afdc224319898462d00ec8bb22228871d06652ce11000d3c5ed7574a40,hotrodbike_small.gif,0abe76a6fe5a6c0756135563424664590395ea14c80c9827ce7754156186330e,hotrodbike_large.gif,2013/04/30 0:00:00
83,ac5c019b0715f0dffc338d31773796055c09210d519bc207d629a6d6943155e7,hotrodbike_red_small.gif,23b2b37bb19fb8d9123e7c9294d2b738bc883a92dd280c06c04354eacadb61fb,hotrodbike_red_large.gif,2012/10/19 9:56:38
84,c445bfa7323d62a10ec13e3d7e67e7b87e5a4093921e5e2771569f228a47d66d,hotrodbike_silver_small.gif,562f811928b33030be70a32b3ed4fe34d5d4651f48b1717e34e924c6154428e1,hotrodbike_silver_large.gif,2012/04/30 0:00:00
85,aa73f62655785f01a2c3d4dc7a53fb851f8f6087047bc06079a1d63f9fa97448,hotrodbike_yellow_small.gif,937c305de7b69036629bfc5e9488dfbf41de5c6eaee40d7b351ed281158b3991,hotrodbike_yellow_large.gif,2012/10/19 9:56:38
86,b40fc013d45daf0a96dcfc7b7c6e5bd68d924614bf8d183fe40f18fd1689ac5c,julianax_r_02_black_small.gif,626996f5f15711bd0dc1c63775bf96c6a88a793e51e6ac01394b9f92d94cb589,julianax_r_02_black_large.gif,2012/10/19 9:56:38
87,420861230e7fd80411472f7a6d95f3770f37bd10fbb3f834f2fabe2fb4a513d2,julianax_r_02_blue_small.gif,d4ddaefc84b109ce63ec40daac4a79a4665a6b3344ac5b379683188abd9aca72,julianax_r_02_blue_large.gif,2012/10/19 9:56:38
88,4dea8257bb573da043e3420624c00df4306aaf435be5ea8af2366eb647ca8703,julianax_r_02_f_black_small.gif,e3e13f4e19c1fa7d8975f919562be88699fb5075924bffaa0da60d1673ab6bcb,julianax_r_02_f_black_large.gif,2012/10/19 9:56:38
89,a4aafbf79a8544004cee9af0a6b385bd6b59ca26ccf0a714674ff1d62887bb80,julianax_r_02_f_blue_small.gif,34c305ae445a96b1e06d291a91211a60a990f8610ceece3801902364f50810b1,julianax_r_02_f_blue_large.gif,2012/10/19 9:56:38
90,1e5161ec33de9fee71538bc47eb7f7abb9ced78d8bc10e451a9bf6641d43b082,julianax_r_02_f_gold_small.gif,e7bf2effaa3dc0acb35d7707cd6433274918b2f10d0f4e1df9f196a5302f8c7a,julianax_r_02_f_gold_large.gif,2012/10/19 9:56:38
91,7346078118760dad532a589e489dc847015f794cc8f968beb04204b5639a7138,julianax_r_02_f_green_small.gif,a4854238eb85057c2c4fc582ee6f3b6a4cdfe0a67a7b96b4dcf8993a2215629c,julianax_r_02_f_green_large.gif,2012/10/19 9:56:38
93,b5e55f73c820d7c289383ef72a146361233e6b4ccbf118d2ab5f63224a7c9db0,julianax_r_02_f_red_small.gif,b6d06bcefb39bd8dd2ce77aafe13173b0233128f97e48d6498e278ff9ccd77ac,julianax_r_02_f_red_large.gif,2012/10/19 9:56:38
94,651cce462e8c594e1107f3fb02c44daf9a5e5aab5f59586ae1aac43b8e99229c,julianax_r_02_gold_small.gif,5c4c16afaaca7ad5dc2790af490477fca2f006f6cbfce1dd7818d9b2ffa0a300,julianax_r_02_gold_large.gif,2012/10/19 9:56:38
95,13359522062433fca6e8398282898203f26578c871c58a70a2363d3e0fb75bec,julianax_r_02_green_small.gif,5cfcd9b175439ce450944ba960bdaf67126125ca122e08ffce23179f5796824e,julianax_r_02_green_large.gif,2012/10/19 9:56:38
97,1bea5a592d460f2cd800cb20630894ac662c6605f1af0e3e8774646d324ea909,julianax_r_02_red_small.gif,10260a24f6f2e2efaaa08ad9ec352e249084c2e99a10957f09b52d457debd8ab,julianax_r_02_red_large.gif,2012/10/19 9:56:38
98,87791b44b339bf99cb7416fb8435e241e6319ef6fb7292c77c57b3a4ccdadc84,julianax_r_02_silver_small.gif,45da464e0f9d3a6691f09b95c21f8a04bd59527f88bdbbc320293a6a1f96e665,julianax_r_02_silver_large.gif,2012/10/19 9:56:38
99,bb1d1d50146b90427003adc91c60adeeaeb6dd023ae83788e8d9824c43ac71b5,julianax_r_02_yellow_small.gif,929a5bfabae3f4991b57fe89bb4f3c09572523ef03b69db76cea7a7f10246f53,julianax_r_02_yellow_large.gif,2012/10/19 9:56:38
100,26847f47b7f6da9f785fc398d2aaaa7317b45e86a430e676bc120adca4c82f7a,racer02_red_small.gif,a208243681bed1fc9313858346c6484d40d85292b87fd0f4bc72fed371f8a911,racer02_red_large.gif,2012/10/19 9:56:38
102,2d1bca7c2c7f86370f0f798e383b13b887b7a8eaf29e76be3e89cbe811ca9503,roadster_black_small.gif,43c6aa9ff0b988a1e23263e1d4e9e8c98e022d021cfb276adbd10ddb1b6234ac,roadster_black_large.gif,2012/10/19 9:56:38
103,d5adb0401f159904d319a18a86e86f0459555143c52cf04e39564245713d819e,roadster_blue_small.gif,e91c7e34c6906d02f565287b59c7d70add1186a133e9983067201f1d0df9a8c0,roadster_blue_large.gif,2012/10/19 9:56:38
105,93e29eabad75f862eb7b5935aebc9b14814113bf236f7c601c9511f25e1d09a9,roadster_green_f_small.gif,f8b7b555c8968461584d0c110f0a0b2fa0a3c646cc4b863de44f73a01f326e37,roadster_green_f_large.gif,2012/10/19 9:56:38
106,2e50c72d86b92bc671eb77dc13639dba184b77335765e64ba95e28c5d5f96e38,roadster_green_small.gif,21bf2fb1a76ae33ae3e03d8dce96407291673eb26f5907151644d18bed3ecff7,roadster_green_large.gif,2012/10/19 9:56:38
107,7d0efbf2e44c687f71eb55e4c2f3d38d90fb3f638637b98ec2ac92e20d88ebc3,roadster_small.gif,979bb9e4f265ffdab33af699eb1446b32364871f28ea42c2b05cde4b78198c33,roadster_large.gif,2012/10/19 9:56:38
108,f1487106c18bfdba8349f86dea333fdff4a65b18f597628efe4be0f3004f1d52,roadster_purple_f_small.gif,93c072ae33ac74b2f0acdf61197eb5df7a06c538315c42e0b8718a0a67bbcfdd,roadster_purple_f_large.gif,2012/10/19 9:56:38
109,f9074b94962caffc032eb2d2df0582be05dfabae7ee743beba28dd3b35120461,roadster_purple_small.gif,019b14b695ccd4193523542e2debd723150d8e7e0d5d71b885344f5ce7ea4c66,roadster_purple_large.gif,2012/10/19 9:56:38
110,fdf59c5039e0d8d291c67ded5799135aa960b2039f1150070681f74b5a4c8ad5,roadster_red_f_small.gif,52d12b9dc0512b91c2961b91aca1145db98ec03d97a3d25fe76da4837a319e74,roadster_red_f_large.gif,2012/10/19 9:56:38
111,b117987fafaa5d2438966e303ef93b8506b6700210fd56e8ae625033e6ca3f7b,roadster_red_small.gif,937369d3868e6d5decefac67a983dd6bf0abeda3428e629950c7767e767d29ed,roadster_red_large.gif,2011/05/01 0:00:00
112,30e5b05aaaed34981ef12091c1a5c605a944577e68d13356f07d40ab6880a35c,roadster_silver_small.gif,fe058df2ef31cf1f4c16bb3597ac6670bc9e02c6a8bbc5545082a211d636589c,roadster_silver_large.gif,2012/10/19 9:56:38
113,bc4f34ba663011daa4526359fd4f59db089ca1047a8fa5ca8d0d385074206d0f,roadster_yellow_f_small.gif,b4ea9496ea1521927083c20bcf3f52e0a654ed8689e4b154b4114752339920cf,roadster_yellow_f_large.gif,2013/04/30 0:00:00
114,148c4982c97539d25c59af2c3a1b22a4be60c3fd29ef385debbe9e9a5adbf968,roadster_yellow_small.gif,58617adb37fe372af5ca7f283fe8c6425e9265389a806f5224f783ff07b46767,roadster_yellow_large.gif,2012/10/19 9:56:38
115,3701aeca7d6c2f0f1da135d9fd3a374701e0648c0d288bd09bea8d54c8760185,racer02_silver_small.gif,f0e580b8efca1d261b036e3bd6b07c4ea6ba349bdf1297f7d3a304669508eef9,racer02_silver_large.gif,2012/10/19 9:56:38
117,8894730a5c50a5469f590ebd5591234e0b34b3bc7f61766188271843b678610a,superlight_black_f_small.gif,34155d1a82fbe6f5a4d0e56b2488e808d2e06054a4259e7db759145bb5b23f06,superlight_black_f_large.gif,2012/10/19 9:56:38
118,9157ba8d91736582b1a3018fd51bd9beb71fd4cee939782897cfd93187e37854,superlight_black_small.gif,84c6f12fc510dd789c81a0a03bfee3d225ebde647ae7f1f40c739c6e9fd2707e,superlight_black_large.gif,2011/05/01 0:00:00
119,6e3c1a7d84af4c9a0c48cdacc4a714e143cc3ba710fc0608f4d7c5bcefaf87ea,superlight_blue_f_small.gif,7ec8043eddcf8aaecf28cd6abdf20158005286c1b167b629587da0570df3f50e,superlight_blue_f_large.gif,2011/05/01 0:00:00
120,29d91f233847de586c627241ad846a75d19adfb50074088365effc4e68904816,superlight_blue_small.gif,6d3c6ddcd31be4d53f32a1b7a03957c99904449007ad01c497bd3cf86cdbc5c9,superlight_blue_large.gif,2012/10/19 9:56:38
123,eb0e7d469bf3941e9189f4b7e7e8024a8e35d555f324c9232b38b9284b665cf3,superlight_metalicgreen_f_small.gif,5b87129777ae4b1ff42519550b1c1dda5bac6a8aa118885e52615952e93faa27,superlight_metalicgreen_f_large.gif,2012/10/19 9:56:38
124,6dd718c8f667d8f5647677221d899eb0fa85f3f13790e8ffe05c95346965308e,superlight_metalicgreen_small.gif,bfbb7257938d1e199a44f3f0c513c1e06ed274b9cc003ee41436d1a5bca97d47,superlight_metalicgreen_large.gif,2012/10/19 9:56:38
125,d0a39b32f90a77325f8bfd9cf04465dfa94a760878b7f7b0af24d027ea47155c,superlight_red_f_small.gif,d0a39b32f90a77325f8bfd9cf04465dfa94a760878b7f7b0af24d027ea47155c,superlight_red_f_large.gif,2012/10/19 9:56:38
126,726639933598cded20e7ad4cd3bac49f91234c61a5b2994ac660e899723d9239,superlight_red_small.gif,72e5cb98b4cdfcc5691b0dde1a7ce90c9fc9ab6c08775b2c6c6e1b351e74f098,superlight_red_large.gif,2011/05/01 0:00:00
127,0e7f393be89b77729df627d9c0d44026f26f9b81176752234c5da10bd904a869,superlight_silver_f_small.gif,0dbc02d47070b9b489ec8ec7df1f1e5f6590788ca125a81975650dcaf39e281f,superlight_silver_f_large.gif,2011/05/01 0:00:00
128,5d0a55cfd7d417f5a43424d82f3857d002222ecb61faa398da7dda9ea090ffce,superlight_silver_small.gif,b3ca18400087a04b466ce75651c38f98041b2cab8a059af3c9b7c72c1ddda808,superlight_silver_large.gif,2011/05/01 0:00:00
129,95a5b46f3185b845e1818922a1508d6639445a5208a0eed9a78fe55e0bfea536,superlight_yellow_f_small.gif,16a29c4d328253672a93d85bf7ca3022e3679f98d3fe2a873c6784c389a4bfc0,superlight_yellow_f_large.gif,2011/05/01 0:00:00
130,95f3bd39c4bbafd572a7f1f2c649ceced70c4e6faab84941eb68eab53e5eeda2,superlight_yellow_small.gif,71f537a2a5962703e807d9be4a5f6938564d0278795cbb3cb3352eebdaca89eb,superlight_yellow_large.gif,2012/10/19 9:56:38
131,81e111359083c6111b2c04dfc1226c2e12a85cc558481b5623b287438eac9cd9,racer02_yellow_f_small.gif,5782a71ad820c3502123095afa0a49d6b363aa6b2a9e7d65d3fda6c0763f7564,racer02_yellow_f_large.gif,2012/04/30 0:00:00
133,a5bee1b4136581347111e0e3c30e5722ce565c9b6dbbf99600b925fb075c424c,chain_small.gif,9505984c22219b0e57f7a84b0b6b0d116033704d72116477167ecf87423ae634,chain_large.gif,2012/04/30 0:00:00
134,c5e65b15b48fb55d00096b87b451f62e660fbaf508961b400f6a6f78ad0660f6,chain_lube_small.gif,f5985dbe7f844e2d27089162dbcd34b292df9b55387903617b6d7c7c21bc44d4,chain_lube_large.gif,2012/04/30 0:00:00
135,74c5ad29a7f38803bb94c02bbc439ab046ba6642158dd05b166fb4887114ff4d,clipless_pedals_small.gif,841882c64af1b9fde0525adb4258a5959bc187c81e75815cf58d61a1d1770c5b,clipless_pedals_large.gif,2013/04/30 0:00:00
136,eac59c1e8b2e81f862fca7bc05a5223fb1de175d08f16fb8edd138defff9334b,co2_4tire_small.gif,edffe1d24bc3d2b0d87d998f21986e8587ae3ec9e059615292d8ceeeaf40861e,co2_4tire_large.gif,2013/04/30 0:00:00
137,8f926caec57981bdb0731f9e38972a4e168eb5fb3350ec008c9e28a52fbb469e,double_headlight_small.gif,2c678afb21ece79765027e5dd638c1393f786ba1d0edb63b1944941bb934561c,double_headlight_large.gif,2012/04/30 0:00:00
138,29df393c26fddfd6fb22bab122d4e038178e789ead0f0d850b4b7f147531fb98,fork_small.gif,9c9cacc2ae9bdd5fca8d55e03bcfb112dda86151dcf4ff8c864eb8c6b67fe321,fork_large.gif,2012/04/30 0:00:00
139,c03478957a4f5167899ec49161633488d5a5c3dc2ccf71ff39faf8a6f3478e19,frame_black_small.gif,59c1fb880d802042a987f3b5957d2236d41aa99d092aeecb2ef10291e8e3fbe2,frame_black_large.gif,2011/05/01 0:00:00
140,218c6932badf1e9b229d8f9a75bcdd6e0d7c53b7e40cb62ad9edb09a965fe3ec,frame_blue_small.gif,3eeebc9c91732cfde9d2dfc517ae57856e5b3f876e90e8ff3cf45ee04b1a7346,frame_blue_large.gif,2012/10/19 9:56:38
141,9d7ef122a00879632a4e45aa8ab8d42be878958e59101d3918f7aee48a1d2f9b,frame_small.gif,bff6746b0b065db2f7b89468091a81c4b2cf733045981bbfed1f2cbe5c8a8cd2,frame_large.gif,2012/10/19 9:56:38
142,066b751d86418d7ba1965ab88818f47381f02b45e81c33c72ce3e314f439e2eb,frame_red_small.gif,9b0596fdc72317f2da5bfd642b39ba9c994416bc837e96be98fe673c34457c20,frame_red_large.gif,2012/10/19 9:56:38
143,c983f3371e82875356a8e06da75be3bf8b7befff0462d1d59ab620ebc71d4717,frame_silver_small.gif,e305230a965571708ad81d4a4a10ea26add3ba5fb3675f6da5505c3df2b3e2a7,frame_silver_large.gif,2011/05/01 0:00:00
144,cc2e234f0c1d3212cf1459cf1b651a9a71a2bc6860ec6900c7913a5355af2b51,frame_yellow_small.gif,ac4a08e816eb0a438847656b5469bf99692d5f72766692f9a4122bf95e1dcd98,frame_yellow_large.gif,2012/10/19 9:56:38
145,396e1bb932aed1f21bd0156466b94697c456555012604106b5a3edea7a4bf052,handlebar_small.gif,14566ec2cfc502f9e1184f2859c2f70f983357e9277411dac66cec60f4abc023,handlebar_large.gif,2012/04/30 0:00:00
146,84bbe6978432e19415febf2e836f01546bef70a01855f9b16328928979fafa68,mb_tires_small.gif,241148355a8123508595bdd2128b26a10f20f8a2e613421886eeffba8aff4d7c,mb_tires_large.gif,2013/04/30 0:00:00
147,b54d96d2609b14cbfed3c7877de3a55dccf02801354a8df9231c64fa5b21cb5d,pedal_small.gif,6b09da48a0ca9cefd36471220cdf1d6b927fa03c8b8b43f80b54b1f631b62274,pedal_large.gif,2013/04/30 0:00:00
149,45576c38b1ffdcb24cf2790022b10f3ddd52c47451bf745635842822d7ec6eb7,saddle_small.gif,3239375f8d6f1174f51a0ae77b4769c29682c092d8bc905d638d4b21cd58dafa,saddle_large.gif,2013/04/30 0:00:00
150,3247aaa5da2d000e3394276019237332034a4ec4c8906469948ae1fbb427e55d,silver_chain_small.gif,681b389b13a9e3d25c4494d6cdb01244c82f335e8f5deece5ff929a8e43a2b56,silver_chain_large.gif,2013/04/30 0:00:00
151,3ed70e45a7599da4a5f5e2aec5775e0751d1b3d8d05947ab5a5918bb9ec8ca5a,silver_pedal_small.gif,13eeb161ae84716f6b7f2178d7b60f22a5ae2d900bcd0ee79079f196dc157683,silver_pedal_large.gif,2013/04/30 0:00:00
152,fd356c2e849e88e38b758b0d9c8db68282ab77f2cd6b8f055356f43985be4bda,silver_sprocket_small.gif,66516cb451ef09592f4934f78ed60ec9b9f0ed7985c30bef581527670c7ab870,silver_sprocket_large.gif,2013/04/30 0:00:00
153,a2dc99e0b45cdf4fead109d24cc8461cefa0c8033b7f81751c9704a3aaf1fbac,single_headlight_small.gif,22e4bd4494cac81076e81a3d2f75e116d7af5df2e7cb9e99865164e77d9e978d,single_headlight_large.gif,2012/04/30 0:00:00
154,0979f6c4fb5b694732eb0bbaa0ba4671ebdc26a81da58dd46eee8828e30a9b22,sprocket_small.gif,f6c0851422003be8a4095d6aa4adbd396b47ae38896d61b060f62323c5882dd8,sprocket_large.gif,2013/04/30 0:00:00
155,824e1938c3c389de18aeb13a342a5c63185f2ebdf4bb3b789ecff95732115279,street_tires_small.gif,bbfcbcf3bb35648e2fd46808cb1e7c8587bbd6beb97274fe40d014742373798b,street_tires_large.gif,2013/04/30 0:00:00
156,e0732d48f655192ca015212addfa1cbe8fdc35159bdc5563818f312a3da5b5cd,tail_lights_small.gif,5a56de723a7c58e3ee3145c0fb80059ce680fd050ee66de522d3452172b48c52,tail_lights_large.gif,2012/04/30 0:00:00
157,cb69686e6bc1cc343e44187668b5852f74bc42585c08dbbfe311a7ec2d8b73fd,tirepatch_kit_small.gif,6e87fbd6f7a0584b7520136921576a32f84afbd9321468a8f1215aefb45e4f7f,tirepatch_kit_large.gif,2013/04/30 0:00:00
158,68a9198c005289f1bf9aaa1858cc1f7a451183bd35be7002717f3f5f2a58636f,water_bottle_cage_small.gif,299451854ee8608276b38dec2ce0909d29bebac370dc2e6a7862c9121f2020d0,water_bottle_cage_large.gif,2013/04/30 0:00:00
159,7e31cce6ddef1f260030e64a9471c595a8ce4d73d856bab97cb71d56cb083e18,water_bottle_small.gif,05451d173d7ec562177687e5d78048987c59db6c714fc00a97d1d0bf507184a8,water_bottle_large.gif,2013/04/30 0:00:00
160,3ce760c1d52bcf7b44b204e3b5f52869b4de95873f965305b3cc5a626aca851a,wheel_small.gif,30a54b7065697cefe16ff9ca47f608739e35cdfbf62f9dc4980566e45e44faba,wheel_large.gif,2008/03/31 0:00:00
161,d74489c7376b09adb0572cb2bf69c8bb758875c2f5214fbfb9e30b779cee109f,awc_jersey_female_small.gif,2487ad0912bc3a9d0ac6f67a4d0fa698ffbec8f414f83e836c79924d248bac87,awc_jersey_female_large.gif,2008/03/31 0:00:00
162,4dccefab38034cc203bd09b8397b27279545d862b868e7a1a9167eedcb70b3eb,awc_jersey_male_small.gif,d161c87482b02470c40712f2af18747fb8309211f54f85b7b9867e6c544dec15,awc_jersey_male_large.gif,2011/05/01 0:00:00
163,39319326c29549f6bd27c37a844ab4b03e9c382d15fc146851f03d40dcad19db,awc_tee_female_small.gif,9390004a84a32d68b713cff287386f042e1cc6e0cb4d1384149dd3a1a43ed338,awc_tee_female_large.gif,2011/05/01 0:00:00
164,603602f62e2d9a1d90b9c79b61afe15a5b39db2b0328497d59435024ad6c637c,awc_tee_male_small.gif,6a30bbda7d844efb94d8f70d328d7a62b6d951c59b10ec9a231079633db7f49c,awc_tee_male_large.gif,2011/05/01 0:00:00
165,6792fdd68fd4c51f846f2e63c896cce7824f801e4a4dfafca35b1b339a0ddeb0,awc_tee_male_yellow_small.gif,666e099e7d0cef2e85d47d8373290104097123254bac659a4bf29b415e5c0bb9,awc_tee_male_yellow_large.gif,2013/04/30 0:00:00
166,7295de5881e146a36ad300007836e04d7eb52f5841396ff224123bc4143b913e,bikepump_small.gif,d453e9ae0414c6b40603c55c07f26a9d79c6254e3ceeb8e2f576756aaa31c9a6,bikepump_large.gif,2012/04/30 0:00:00
167,786d8cbc0432a6ec8666d564ba3efd26bfb8e59960250bcdd8ede793fea4ab90,bike_lock_small.gif,033fdae8f6665a0166ac00c0f2127f11cbe6e64364ff48fa777ebc8e50e91bc3,bike_lock_large.gif,2012/04/30 0:00:00
168,4e6a414767f4df3726c426c60fe934d0a34dd21cd46beaec2d6b045729436b8c,bike_shoes_small.gif,e96eb6e279ac3248e056734fefa2dd4316d0b00f6c0a5464630533ffcc427d45,bike_shoes_large.gif,2012/04/30 0:00:00
169,3a0bda789318cfb5c9a7346113333b030b1cdf188c3acc6f59ed64fe281ec84c,bike_shorts_female_small.gif,8c0141a4ff2b34e53543b2b03aaaf78cb86eaff577fda272d0cbddf9e3a26772,bike_shorts_female_large.gif,2012/04/30 0:00:00
170,9d501f7c0a3d53bd34fd32a2ca29d5dc1de326ada2a5721860a284c9faf723a8,bike_shorts_male_small.gif,b53c5dc7a4939aba37964a18b7aebe6c372814ab947ab113334093a1e4e1100e,bike_shorts_male_large.gif,2012/04/30 0:00:00
172,bdd3c0527b6cd8bcea2cda9e76ab6f726856aef3c7f7f9945996700c239be1d9,handpump_small.gif,399d11e6caa598d590acece3ceb2a5cb470f4203ce1cd6d2f71718a74e45d756,handpump_large.gif,2012/04/30 0:00:00
173,6aaef871175804b80c25a4079253ce5eb21779103d297bb5d65eca3bda81c673,innertube_small.gif,cf83d1dc44befddf2fa9d5014fcbbf3096911522fcb6ba5070e5c42291a662fc,innertube_large.gif,2013/04/30 0:00:00
174,96724b7145a44d4fd13ff5c24d7b144ee0e636051bf184bc1f5c7b35819061ea,mb_shoes_small.gif,97808f62c9649e6b2cfa625a51852d53713fdc0d99c4874a538e8d04479a302c,mb_shoes_large.gif,2013/04/30 0:00:00
175,7cf3e3b45890c353afd161af96eb123805e8bf864708a9d32b2227cca4cce025,shorts_female_small.gif,fb033c5a8fad40806b78c9d65a5780ebfb33ddbb08ee522e0f9bbcd9f514fbbb,shorts_female_large.gif,2013/04/30 0:00:00
176,5d22dee9b4cb31077c5ed0e743c5205b9e4cd33d98f765412bd740ea5624754f,shorts_male_small.gif,a3b683fa84b7406196880e424ef99d6750e4e9346f758db546dd0f73c8660aff,shorts_male_large.gif,2012/04/30 0:00:00
177,1a1559465dd37d6d94be32e403f1e248065d0c78eff89a7d768511eac9e3fd83,racer_black_small.gif,b7e634756c73f4806a2c77af5c55db13e6ab6f635d3ae136da4d8508a648c6e5,racer_black_large.gif,2012/04/30 0:00:00
178,c348b96c79c4e61ead15473d61722429209e4ca5d73ca0844c7dffa8a2b61805,racer_blue_small.gif,2cd6a26a153ad955d8aad0f94b92f97a9b6762f443fa21540a846d4d0b3f1538,racer_blue_large.gif,2012/10/19 9:56:38
179,ad10b1bab49f5b1242b001c920f13963f1ba423e513b9860f51b45bade1550c5,racer_red_small.gif,57aa893dbf938c5c2c3f7bd81ed1b973e1d31f7cf786693738dca45fd7042837,racer_red_large.gif,2012/04/30 0:00:00
180,22772fb39612864e97c532623a8244df76b1fdfdedd387b37a1b8781a0ad4302,racer_silver_small.gif,dec9111b6f2367015e6ccb4bb8d1b7cd19167c670981610c46844b138e5a0ba1,racer_silver_large.gif,2012/10/19 9:56:38
181,9b6d656e8ca6884e6d2121d2341c89e0e4c3e1622127e4591b07bfc457804c11,racer_yellow_small.gif,985eacab262452cdaa8cc913b1c567d65f6e7dd8f7c0480fcb6be6332bada3e2,racer_yellow_large.gif,2012/10/19 9:56:38
