7,3,2014/01/09 14:41:02
10,3,2014/01/09 14:41:02
47,4,2014/01/09 14:41:02
47,5,2014/01/09 14:41:02
48,4,2014/01/09 14:41:02
48,5,2014/01/09 14:41:02
67,6,2014/01/09 14:41:02
