1,XRQ - TRUCK GROUND,3.9500,0.9900,6be756d9-d7be-4463-8f2c-ae60c710d606,2008/04/30 0:00:00
2,ZY - EXPRESS,9.9500,1.9900,3455079b-f773-4dc6-8f1e-2a58649c4ab8,2008/04/30 0:00:00
3,OVERSEAS - DELUXE,29.9500,2.9900,22f4e461-28cf-4ace-a980-f686cf112ec8,2008/04/30 0:00:00
4,OVERNIGHT J-FAST,21.9500,1.2900,107e8356-e7a8-463d-b60c-079fff467f3f,2008/04/30 0:00:00
5,CARGO TRANSPORT 5,8.9900,1.4900,b166019a-b134-4e76-b957-2b0490c610ed,2008/04/30 0:00:00
